<div class="rendered-markdown"><p></p><div>&lt;img src="http://disallowed.com/image.jpg"&gt;</div><p></p></div>