<div class="rendered-markdown"><ol>
<li><a data-href="https://example.com" href="" title="https://example.com" draggable="false"><em>hello</em></a> test <strong>text</strong></li>
</ol>
</div>